175.255.151.132 - - [15/Aug/2023:15:53:17 +0300] "/news/26139" 301 178 "-" "Mozilla/5.0 (Linux; Android 6.0.1; SM-J500M Build/MMB29M) AppleWebKit/537.36 (KHTML, like Gecko) Chrome/55.0.2883.91 Mobile Safari/537.36"
167.75.12.30 - - [15/Aug/2023:15:53:32 +0300] "/news/4931" 301 178 "-" "Mozilla/5.0 (Windows NT 6.2; Win64; x64; rv:50.0) Gecko/20100101 Firefox/50.0"
200.157.43.119 - - [15/Aug/2023:15:53:51 +0300] "/news/30431" 301 178 "-" "Mozilla/5.0 (X11; Linux i686; rv:1.9.5.20) Gecko/7482-04-11 09:59:36 Firefox/7.0"
52.159.168.238 - - [15/Aug/2023:15:53:53 +0300] "/news/4494" 301 178 "-" "Mozilla/5.0 (Linux; Android 6.0.1; SM-J500M Build/MMB29M) AppleWebKit/537.36 (KHTML, like Gecko) Chrome/55.0.2883.91 Mobile Safari/537.36"
200.157.43.119 - - [15/Aug/2023:15:54:05 +0300] "/news/14111" 301 178 "-" "Mozilla/5.0 (X11; Linux i686; rv:1.9.5.20) Gecko/7482-04-11 09:59:36 Firefox/7.0"
51.9.11.199 - - [15/Aug/2023:15:54:10 +0300] "/news/16070" 301 178 "-" "Mozilla/5.0 (Linux; Android 6.0.1; SM-J500M Build/MMB29M) AppleWebKit/537.36 (KHTML, like Gecko) Chrome/55.0.2883.91 Mobile Safari/537.36"
200.157.43.119 - - [15/Aug/2023:15:54:14 +0300] "/news/23544" 301 178 "-" "Mozilla/5.0 (X11; Linux i686; rv:1.9.5.20) Gecko/7482-04-11 09:59:36 Firefox/7.0"
200.157.43.119 - - [15/Aug/2023:15:54:19 +0300] "/news/13963" 301 178 "-" "Mozilla/5.0 (X11; Linux i686; rv:1.9.5.20) Gecko/7482-04-11 09:59:36 Firefox/7.0"
177.227.115.176 - - [15/Aug/2023:15:55:00 +0300] "/news/14952" 301 178 "-" "Mozilla/5.0 (iPad; CPU OS 9_3_4 like Mac OS X) AppleWebKit/600.1.4 (KHTML, like Gecko) GSA/17.1.129017588 Mobile/13G35 Safari/600.1.4"
252.126.209.252 - - [15/Aug/2023:15:55:19 +0300] "/news/12678" 301 178 "-" "Mozilla/5.0 (Macintosh; Intel Mac OS X 10_8_2) AppleWebKit/536.26.17 (KHTML, like Gecko) Version/6.0.2 Safari/536.26.17"
112.165.158.78 - - [15/Aug/2023:15:56:01 +0300] "/news/23310" 301 178 "-" "Mozilla/5.0 (X11; Linux x86_64) AppleWebKit/537.36 (KHTML, like Gecko) Chrome/31.0.1650.63 Safari/537.36"
119.53.33.195 - - [15/Aug/2023:15:56:17 +0300] "/news/23977" 301 178 "-" "Mozilla/5.0 (Macintosh; Intel Mac OS X 10_8_2) AppleWebKit/536.26.17 (KHTML, like Gecko) Version/6.0.2 Safari/536.26.17"
175.255.151.172 - - [15/Aug/2023:15:57:05 +0300] "/news/32054" 301 178 "-" "Mozilla/5.0 (iPhone; CPU iPhone OS 8_1_2 like Mac OS X) AppleWebKit/600.1.4 (KHTML, like Gecko) OPiOS/9.1.0.86723 Mobile/12B440 Safari/9537.53"
252.126.209.21 - - [15/Aug/2023:15:57:22 +0300] "/news/26793" 301 178 "-" "Mozilla/5.0 (Windows NT 6.1; rv:36.0) Gecko/20100101 Firefox/36.0"
220.94.247.32 - - [15/Aug/2023:15:58:05 +0300] "/news/7386" 301 178 "-" "Mozilla/5.0 (Windows NT 10.0; Win64; x64) AppleWebKit/537.36 (KHTML, like Gecko) Chrome/65.0.3325.162 Safari/537.36"
112.22.6.36 - - [15/Aug/2023:15:58:19 +0300] "/news/19859" 301 178 "-" "Mozilla/5.0 (Macintosh; Intel Mac OS X 10_10_5) AppleWebKit/601.1.56 (KHTML, like Gecko) Version/9.0 Safari/601.1.56"
167.75.12.30 - - [15/Aug/2023:15:58:32 +0300] "/news/5364" 301 178 "-" "Mozilla/5.0 (Macintosh; Intel Mac OS X 10.9; rv:51.0) Gecko/20100101 Firefox/51.0"
161.81.218.114 - - [15/Aug/2023:15:59:07 +0300] "/news/3506" 301 178 "-" "Mozilla/5.0 (Linux; Android 6.0.1; SM-J500M Build/MMB29M) AppleWebKit/537.36 (KHTML, like Gecko) Chrome/55.0.2883.91 Mobile Safari/537.36"
136.168.226.100 - - [15/Aug/2023:15:59:08 +0300] "/news/10770" 301 178 "-" "Mozilla/5.0 (Linux; Android 6.0.1; SM-J500M Build/MMB29M) AppleWebKit/537.36 (KHTML, like Gecko) Chrome/55.0.2883.91 Mobile Safari/537.36"
51.6.36.186 - - [15/Aug/2023:15:59:26 +0300] "/news/31037" 301 178 "-" "Mozilla/5.0 (iPad; U; CPU OS 3_2 like Mac OS X; en-us) AppleWebKit/531.21.10 (KHTML, like Gecko) Version/4.0.4 Mobile/7B334b Safari/531.21.10"
189.87.145.78 - - [15/Aug/2023:16:00:06 +0300] "/news/32350" 301 178 "-" "Mozilla/5.0 (Linux; Android 6.0.1; SM-J500M Build/MMB29M) AppleWebKit/537.36 (KHTML, like Gecko) Chrome/55.0.2883.91 Mobile Safari/537.36"
51.180.114.237 - - [15/Aug/2023:16:00:22 +0300] "/news/13740" 301 178 "-" "Mozilla/5.0 (Linux; Android 6.0.1; SM-J500M Build/MMB29M) AppleWebKit/537.36 (KHTML, like Gecko) Chrome/55.0.2883.91 Mobile Safari/537.36"
252.126.209.252 - - [15/Aug/2023:16:01:09 +0300] "/news/10371" 301 178 "-" "Mozilla/4.0 (compatible; MSIE 6.0; Windows NT 5.1; .NET CLR 1.1.4322; InfoPath.1)"
43.227.66.103 - - [15/Aug/2023:16:01:13 +0300] "/news/14719" 301 178 "-" "Mozilla/5.0 (Windows NT 10.0; Win64; x64) AppleWebKit/537.36 (KHTML, like Gecko) Chrome/106.0.0.0 Safari/537.36"
251.179.138.128 - - [15/Aug/2023:16:01:19 +0300] "/news/26890" 301 178 "-" "Mozilla/5.0 (Windows NT 10.0; Win64; x64; rv:71.0) Gecko/20100101 Firefox/71.0"
189.203.158.198 - - [15/Aug/2023:16:01:28 +0300] "/news/8205" 301 178 "-" "Mozilla/5.0 (Linux; Android 6.0.1; SM-J500M Build/MMB29M) AppleWebKit/537.36 (KHTML, like Gecko) Chrome/55.0.2883.91 Mobile Safari/537.36"
131.197.200.229 - - [15/Aug/2023:16:01:35 +0300] "/news/20854" 301 178 "-" "Mozilla/5.0 (68K; rv:7.0) Gecko/20051119 Firefox/7.0"
252.126.209.233 - - [15/Aug/2023:16:02:09 +0300] "/news/32524" 301 178 "-" "Mozilla/5.0 (Windows NT 10.0; Win64; x64) AppleWebKit/537.36 (KHTML, like Gecko) Chrome/65.0.3325.162 Safari/537.36"
131.197.200.229 - - [15/Aug/2023:16:02:22 +0300] "/news/24242" 301 178 "-" "Mozilla/5.0 (compatible; MSIE 8.0; Windows NT 6.3; SV1; Trident/3.0)"
189.87.145.138 - - [15/Aug/2023:16:02:26 +0300] "/news/25363" 301 178 "-" "Mozilla/5.0 (Windows NT 6.1; rv:36.0) Gecko/20100101 Firefox/36.0"
252.126.209.189 - - [15/Aug/2023:16:03:13 +0300] "/news/11844" 301 178 "-" "Mozilla/5.0 (Linux; Android 6.0.1; SM-J500M Build/MMB29M) AppleWebKit/537.36 (KHTML, like Gecko) Chrome/55.0.2883.91 Mobile Safari/537.36"
252.126.209.166 - - [15/Aug/2023:16:03:32 +0300] "/news/26261" 301 178 "-" "Mozilla/5.0 (Linux; Android 7.0; Moto G (5) Build/NPPS25.137-93-14; wv) AppleWebKit/537.36 (KHTML, like Gecko) Version/4.0 Chrome/69.0.3497.100 Mobile Safari/537.36 [FB_IAB/FB4A;FBAV/193.0.0.45.101;]"
167.75.12.30 - - [15/Aug/2023:16:03:32 +0300] "/news/3057" 301 178 "-" "Mozilla/5.0 (Windows NT 6.1; WOW64) AppleWebKit/537.36 (KHTML, like Gecko) Chrome/85.0.4183.83 Safari/537.36"
252.126.209.212 - - [15/Aug/2023:16:04:13 +0300] "/news/27330" 301 178 "-" "Mozilla/5.0 (iPad; U; CPU OS 3_2 like Mac OS X; en-us) AppleWebKit/531.21.10 (KHTML, like Gecko) Version/4.0.4 Mobile/7B334b Safari/531.21.10"
51.9.11.186 - - [15/Aug/2023:16:04:28 +0300] "/news/15393" 301 178 "-" "Mozilla/5.0 (Linux; Android 6.0.1; SM-J500M Build/MMB29M) AppleWebKit/537.36 (KHTML, like Gecko) Chrome/55.0.2883.91 Mobile Safari/537.36"
252.126.209.22 - - [15/Aug/2023:16:05:15 +0300] "/news/7457" 301 178 "-" "Mozilla/5.0 (Linux; Android 6.0.1; SM-J500M Build/MMB29M) AppleWebKit/537.36 (KHTML, like Gecko) Chrome/55.0.2883.91 Mobile Safari/537.36"
189.87.145.38 - - [15/Aug/2023:16:05:35 +0300] "/news/28367" 301 178 "-" "Mozilla/5.0 (Windows NT 10.0; Win64; x64) AppleWebKit/537.36 (KHTML, like Gecko) Chrome/65.0.3325.162 Safari/537.36"
131.197.200.229 - - [15/Aug/2023:16:05:58 +0300] "/news/30222" 301 178 "-" "Mozilla/5.0 (Windows NT 6.3; rv:13.0) Gecko/2010815 Firefox/13.0"
139.182.194.228 - - [15/Aug/2023:16:06:03 +0300] "/news/14929" 301 178 "-" "Mozilla/5.0 (compatible; MSIE 9.0; Windows NT 5.1; Trident/4.0)"
189.87.151.63 - - [15/Aug/2023:16:06:16 +0300] "/news/15936" 301 178 "-" "Mozilla/4.0 (compatible; MSIE 5.01; Windows 98)"
51.30.125.135 - - [15/Aug/2023:16:06:31 +0300] "/news/2113" 301 178 "-" "Mozilla/5.0 (Linux; Android 6.0.1; SM-J500M Build/MMB29M) AppleWebKit/537.36 (KHTML, like Gecko) Chrome/55.0.2883.91 Mobile Safari/537.36"
139.32.114.117 - - [15/Aug/2023:16:07:01 +0300] "/news/31107" 301 178 "-" "Mozilla/5.0 (compatible; MSIE 9.0; Windows NT 6.1; Trident/5.0)"
189.87.192.115 - - [15/Aug/2023:16:07:19 +0300] "/news/515" 301 178 "-" "Mozilla/5.0 (X11; Linux x86_64) AppleWebKit/537.36 (KHTML, like Gecko) Chrome/31.0.1650.63 Safari/537.36"
189.82.147.226 - - [15/Aug/2023:16:07:37 +0300] "/news/9892" 301 178 "-" "Mozilla/5.0 (Windows NT 10.0; Win64; x64) AppleWebKit/537.36 (KHTML, like Gecko) Chrome/65.0.3325.162 Safari/537.36"
189.87.145.18 - - [15/Aug/2023:16:08:18 +0300] "/news/13838" 301 178 "-" "Mozilla/5.0 (Linux; Android 7.0; Moto G (5) Build/NPPS25.137-93-14; wv) AppleWebKit/537.36 (KHTML, like Gecko) Version/4.0 Chrome/69.0.3497.100 Mobile Safari/537.36 [FB_IAB/FB4A;FBAV/193.0.0.45.101;]"
139.182.194.228 - - [15/Aug/2023:16:08:29 +0300] "/news/24998" 301 178 "-" "Mozilla/5.0 (compatible; MSIE 7.0; Windows NT 6.1; .NET CLR; Trident/4.0)"
167.75.12.30 - - [15/Aug/2023:16:08:33 +0300] "/news/28583" 301 178 "-" "Mozilla/5.0 (Macintosh; Intel Mac OS X 10_11_2) AppleWebKit/537.36 (KHTML, like Gecko) Chrome/86.0.4240.96 Safari/537.36"
189.31.164.213 - - [15/Aug/2023:16:08:33 +0300] "/news/11975" 301 178 "-" "Mozilla/5.0 (Windows NT 10.0; Win64; x64) AppleWebKit/537.36 (KHTML, like Gecko) Chrome/75.0.3770.100 Safari/537.36"
123.63.111.211 - - [15/Aug/2023:16:08:36 +0300] "/news/16415" 301 178 "-" "Mozilla/5.0 (Linux; Android 7.0; Moto G (5) Build/NPPS25.137-93-14; wv) AppleWebKit/537.36 (KHTML, like Gecko) Version/4.0 Chrome/69.0.3497.100 Mobile Safari/537.36 [FB_IAB/FB4A;FBAV/193.0.0.45.101;]"
252.126.209.32 - - [15/Aug/2023:16:09:23 +0300] "/news/11768" 301 178 "-" "Mozilla/5.0 (Linux; Android 6.0.1; SM-J500M Build/MMB29M) AppleWebKit/537.36 (KHTML, like Gecko) Chrome/55.0.2883.91 Mobile Safari/537.36"
51.9.11.55 - - [15/Aug/2023:16:09:39 +0300] "/news/3977" 301 178 "-" "Mozilla/5.0 (Linux; Android 7.0; Moto G (5) Build/NPPS25.137-93-14; wv) AppleWebKit/537.36 (KHTML, like Gecko) Version/4.0 Chrome/69.0.3497.100 Mobile Safari/537.36 [FB_IAB/FB4A;FBAV/193.0.0.45.101;]"
175.255.151.255 - - [15/Aug/2023:16:10:23 +0300] "/news/25738" 301 178 "-" "Mozilla/5.0 (iPad; CPU OS 9_3_4 like Mac OS X) AppleWebKit/600.1.4 (KHTML, like Gecko) GSA/17.1.129017588 Mobile/13G35 Safari/600.1.4"
252.126.209.147 - - [15/Aug/2023:16:10:40 +0300] "/news/12199" 301 178 "-" "Mozilla/4.0 (compatible; MSIE 5.01; Windows 98)"
189.87.192.106 - - [15/Aug/2023:16:11:26 +0300] "/news/15593" 301 178 "-" "Mozilla/5.0 (iPad; CPU OS 9_3_4 like Mac OS X) AppleWebKit/600.1.4 (KHTML, like Gecko) GSA/17.1.129017588 Mobile/13G35 Safari/600.1.4"
189.87.139.108 - - [15/Aug/2023:16:11:47 +0300] "/news/25933" 301 178 "-" "Mozilla/5.0 (Windows NT 10.0; Win64; x64) AppleWebKit/537.36 (KHTML, like Gecko) Chrome/65.0.3325.162 Safari/537.36"
252.126.209.216 - - [15/Aug/2023:16:12:25 +0300] "/news/6152" 301 178 "-" "Mozilla/5.0 (iPhone; CPU iPhone OS 8_1_2 like Mac OS X) AppleWebKit/600.1.4 (KHTML, like Gecko) OPiOS/9.1.0.86723 Mobile/12B440 Safari/9537.53"
252.126.209.134 - - [15/Aug/2023:16:12:42 +0300] "/news/29153" 301 178 "-" "Mozilla/4.0 (compatible; MSIE 5.01; Windows 98)"
177.243.39.161 - - [15/Aug/2023:16:13:30 +0300] "/news/26074" 301 178 "-" "Mozilla/5.0 (Linux; Android 6.0.1; SM-J500M Build/MMB29M) AppleWebKit/537.36 (KHTML, like Gecko) Chrome/55.0.2883.91 Mobile Safari/537.36"
167.75.12.30 - - [15/Aug/2023:16:13:33 +0300] "/news/25781" 301 178 "-" "Mozilla/5.0 (Windows NT 10.0; Win64; x64) AppleWebKit/537.36 (KHTML, like Gecko) Chrome/85.0.4183.102 Safari/537.36"
189.87.139.108 - - [15/Aug/2023:16:13:50 +0300] "/news/30387" 301 178 "-" "Mozilla/5.0 (Linux; Android 6.0.1; SM-J500M Build/MMB29M) AppleWebKit/537.36 (KHTML, like Gecko) Chrome/55.0.2883.91 Mobile Safari/537.36"
189.87.145.190 - - [15/Aug/2023:16:14:29 +0300] "/news/26044" 301 178 "-" "Mozilla/4.0 (compatible; MSIE 6.0; Windows NT 5.1; .NET CLR 1.1.4322; InfoPath.1)"
252.126.209.54 - - [15/Aug/2023:16:14:45 +0300] "/news/9429" 301 178 "-" "Mozilla/5.0 (Linux; Android 6.0.1; SM-J500M Build/MMB29M) AppleWebKit/537.36 (KHTML, like Gecko) Chrome/55.0.2883.91 Mobile Safari/537.36"
252.126.209.198 - - [15/Aug/2023:16:15:35 +0300] "/news/22139" 301 178 "-" "Mozilla/5.0 (Macintosh; Intel Mac OS X 10_8_2) AppleWebKit/536.26.17 (KHTML, like Gecko) Version/6.0.2 Safari/536.26.17"
189.87.145.34 - - [15/Aug/2023:16:15:53 +0300] "/news/32525" 301 178 "-" "Mozilla/5.0 (Windows NT 6.1; rv:36.0) Gecko/20100101 Firefox/36.0"
189.87.145.225 - - [15/Aug/2023:16:16:35 +0300] "/news/23030" 301 178 "-" "Mozilla/5.0 (Windows NT 6.1; rv:36.0) Gecko/20100101 Firefox/36.0"
200.32.215.15 - - [15/Aug/2023:16:16:53 +0300] "/news/10419" 301 178 "-" "Mozilla/4.8 (Windows NT 10.0; WOW64) AppleWebKit/590.16 (KHTML, like Gecko) Chrome/47.0.2526.73 Safari/590.16"
112.22.36.185 - - [15/Aug/2023:16:16:53 +0300] "/news/11259" 301 178 "-" "Mozilla/5.0 (Macintosh; Intel Mac OS X 10_8_2) AppleWebKit/536.26.17 (KHTML, like Gecko) Version/6.0.2 Safari/536.26.17"
200.32.215.15 - - [15/Aug/2023:16:17:02 +0300] "/news/15241" 301 178 "-" "Mozilla/4.9 (Windows NT 10.0; WOW64) AppleWebKit/514.12 (KHTML, like Gecko) Chrome/47.0.2526.73 Safari/514.12"
200.32.215.15 - - [15/Aug/2023:16:17:27 +0300] "/news/12542" 301 178 "-" "Mozilla/5.0 (Windows NT 7.5; Trident/7.0; rv:9.0) like Gecko"
189.87.145.36 - - [15/Aug/2023:16:17:41 +0300] "/news/1728" 301 178 "-" "Mozilla/5.0 (Macintosh; Intel Mac OS X 10_8_2) AppleWebKit/536.26.17 (KHTML, like Gecko) Version/6.0.2 Safari/536.26.17"
195.125.201.24 - - [15/Aug/2023:16:17:55 +0300] "/news/30665" 301 178 "-" "Mozilla/5.0 (Macintosh; Intel Mac OS X 10_10_5) AppleWebKit/601.1.56 (KHTML, like Gecko) Version/9.0 Safari/601.1.56"
136.168.226.100 - - [15/Aug/2023:16:17:55 +0300] "/news/4010" 301 178 "-" "Mozilla/5.0 (Linux; Android 6.0.1; SM-J500M Build/MMB29M) AppleWebKit/537.36 (KHTML, like Gecko) Chrome/55.0.2883.91 Mobile Safari/537.36"
131.197.200.229 - - [15/Aug/2023:16:18:27 +0300] "/news/18912" 301 178 "-" "Mozilla/5.0 (compatible; MSIE 2.0; 68K; Trident/3.0)"
167.75.12.30 - - [15/Aug/2023:16:18:33 +0300] "/news/9611" 301 178 "-" "Mozilla/5.0 (X11; Ubuntu; Linux i686) AppleWebKit/537.36 (KHTML, like Gecko) Chrome/84.0.4147.111 Safari/537.36"
189.27.61.93 - - [15/Aug/2023:16:18:39 +0300] "/news/2166" 301 178 "-" "Mozilla/5.0 (iPad; U; CPU OS 3_2 like Mac OS X; en-us) AppleWebKit/531.21.10 (KHTML, like Gecko) Version/4.0.4 Mobile/7B334b Safari/531.21.10"
164.217.142.70 - - [15/Aug/2023:16:19:34 +0300] "/news/21068" 301 178 "-" "Mozilla/5.0 (X11; Linux x86_64) AppleWebKit/535.21 (KHTML, like Gecko) Chrome/19.0.1042.0 Safari/535.21"
177.243.39.30 - - [15/Aug/2023:16:19:45 +0300] "/news/1275" 301 178 "-" "Mozilla/5.0 (Windows NT 6.1; rv:36.0) Gecko/20100101 Firefox/36.0"
252.126.209.11 - - [15/Aug/2023:16:19:55 +0300] "/news/12097" 301 178 "-" "Mozilla/5.0 (Linux; Android 6.0.1; SM-J500M Build/MMB29M) AppleWebKit/537.36 (KHTML, like Gecko) Chrome/55.0.2883.91 Mobile Safari/537.36"
136.168.226.100 - - [15/Aug/2023:16:19:56 +0300] "/news/24822" 301 178 "-" "Mozilla/5.0 (Windows NT 10.0; Win64; x64) AppleWebKit/537.36 (KHTML, like Gecko) Chrome/65.0.3325.162 Safari/537.36"
189.87.192.56 - - [15/Aug/2023:16:20:42 +0300] "/news/3128" 301 178 "-" "Mozilla/5.0 (Linux; Android 6.0.1; SM-J500M Build/MMB29M) AppleWebKit/537.36 (KHTML, like Gecko) Chrome/55.0.2883.91 Mobile Safari/537.36"
200.32.215.15 - - [15/Aug/2023:16:20:44 +0300] "/news/11693" 301 178 "-" "Opera/6.76 (Windows NT 6.0) Presto/2.11.387 Version/11.14"
136.168.226.100 - - [15/Aug/2023:16:20:57 +0300] "/news/29224" 301 178 "-" "Mozilla/5.0 (Windows NT 10.0; Win64; x64) AppleWebKit/537.36 (KHTML, like Gecko) Chrome/65.0.3325.162 Safari/537.36"
189.151.152.193 - - [15/Aug/2023:16:21:14 +0300] "/news/7887" 301 178 "-" "Mozilla/5.0 (Linux; Android 9; STF-L09) AppleWebKit/537.36 (KHTML, like Gecko) Chrome/111.0.0.0 Mobile Safari/537.36"
200.32.215.15 - - [15/Aug/2023:16:21:32 +0300] "/news/28049" 301 178 "-" "Mozilla/5.0 (Windows NT 7.1; Trident/7.0; rv:11.0) like Gecko"
123.86.106.239 - - [15/Aug/2023:16:21:49 +0300] "/news/21450" 301 178 "-" "Mozilla/5.0 (iPad; CPU OS 9_3_4 like Mac OS X) AppleWebKit/600.1.4 (KHTML, like Gecko) GSA/17.1.129017588 Mobile/13G35 Safari/600.1.4"
20.213.67.161 - - [15/Aug/2023:16:21:56 +0300] "/news/6975" 301 178 "-" "Mozilla/5.0 (Linux; Android 6.0.1; SM-J500M Build/MMB29M) AppleWebKit/537.36 (KHTML, like Gecko) Chrome/55.0.2883.91 Mobile Safari/537.36"
189.87.145.35 - - [15/Aug/2023:16:22:44 +0300] "/news/6976" 301 178 "-" "Mozilla/5.0 (iPhone; CPU iPhone OS 8_1_2 like Mac OS X) AppleWebKit/600.1.4 (KHTML, like Gecko) OPiOS/9.1.0.86723 Mobile/12B440 Safari/9537.53"
161.244.149.131 - - [15/Aug/2023:16:22:58 +0300] "/news/30288" 301 178 "-" "Mozilla/5.0 (iPhone; CPU iPhone OS 8_1_2 like Mac OS X) AppleWebKit/600.1.4 (KHTML, like Gecko) OPiOS/9.1.0.86723 Mobile/12B440 Safari/9537.53"
167.75.12.30 - - [15/Aug/2023:16:23:33 +0300] "/news/5927" 301 178 "-" "Mozilla/5.0 (Windows NT 10.0) AppleWebKit/537.36 (KHTML, like Gecko) Chrome/86.0.4240.111 Safari/537.36"
189.87.192.221 - - [15/Aug/2023:16:23:53 +0300] "/news/5424" 301 178 "-" "Mozilla/5.0 (Linux; Android 6.0.1; SM-J500M Build/MMB29M) AppleWebKit/537.36 (KHTML, like Gecko) Chrome/55.0.2883.91 Mobile Safari/537.36"
132.204.5.87 - - [15/Aug/2023:16:23:59 +0300] "/news/30374" 301 178 "-" "Mozilla/5.0 (Linux; Android 6.0.1; SM-J500M Build/MMB29M) AppleWebKit/537.36 (KHTML, like Gecko) Chrome/55.0.2883.91 Mobile Safari/537.36"
123.63.111.200 - - [15/Aug/2023:16:24:48 +0300] "/news/18536" 301 178 "-" "Mozilla/5.0 (Macintosh; Intel Mac OS X 10_8_2) AppleWebKit/536.26.17 (KHTML, like Gecko) Version/6.0.2 Safari/536.26.17"
112.22.248.47 - - [15/Aug/2023:16:25:01 +0300] "/news/12369" 301 178 "-" "Mozilla/5.0 (Linux; Android 6.0.1; SM-J500M Build/MMB29M) AppleWebKit/537.36 (KHTML, like Gecko) Chrome/55.0.2883.91 Mobile Safari/537.36"
189.40.184.93 - - [15/Aug/2023:16:25:57 +0300] "/news/9648" 301 178 "-" "Mozilla/5.0 (Windows NT 10.0; Win64; x64) AppleWebKit/537.36 (KHTML, like Gecko) Chrome/65.0.3325.162 Safari/537.36"
252.126.209.62 - - [15/Aug/2023:16:26:06 +0300] "/news/1503" 301 178 "-" "Mozilla/5.0 (Windows NT 10.0; Win64; x64) AppleWebKit/537.36 (KHTML, like Gecko) Chrome/65.0.3325.162 Safari/537.36"
252.126.209.57 - - [15/Aug/2023:16:26:51 +0300] "/news/20424" 301 178 "-" "Mozilla/5.0 (iPad; U; CPU OS 3_2 like Mac OS X; en-us) AppleWebKit/531.21.10 (KHTML, like Gecko) Version/4.0.4 Mobile/7B334b Safari/531.21.10"
156.10.190.208 - - [15/Aug/2023:16:26:52 +0300] "/news/2069" 301 178 "-" "Mozilla/5.0 (compatible; DotBot/1.2; +https://opensiteexplorer.org/dotbot; help@moz.com)"
193.204.78.156 - - [15/Aug/2023:16:27:06 +0300] "/news/1779" 301 178 "-" "Mozilla/5.0 (Windows NT 10.0; Win64; x64) AppleWebKit/537.36 (KHTML, like Gecko) Chrome/65.0.3325.162 Safari/537.36"
177.173.32.99 - - [15/Aug/2023:16:28:02 +0300] "/news/30273" 301 178 "-" "Mozilla/5.0 (iPad; U; CPU OS 3_2 like Mac OS X; en-us) AppleWebKit/531.21.10 (KHTML, like Gecko) Version/4.0.4 Mobile/7B334b Safari/531.21.10"
174.57.79.125 - - [15/Aug/2023:16:28:09 +0300] "/news/13287" 301 178 "-" "Mozilla/4.0 (compatible; MSIE 5.01; Windows 98)"
167.75.12.30 - - [15/Aug/2023:16:28:34 +0300] "/news/30150" 301 178 "-" "Mozilla/5.0 (Macintosh; Intel Mac OS X 10_11_0) AppleWebKit/537.36 (KHTML, like Gecko) Chrome/84.0.4147.135 Safari/537.36"
174.165.161.248 - - [15/Aug/2023:16:28:55 +0300] "/news/20706" 301 178 "-" "Mozilla/4.0 (compatible; MSIE 6.0; Windows NT 5.1; .NET CLR 1.1.4322; InfoPath.1)"
189.157.110.33 - - [15/Aug/2023:16:29:08 +0300] "/news/24798" 301 178 "-" "Mozilla/4.0 (compatible; MSIE 5.01; Windows 98)"
189.201.23.225 - - [15/Aug/2023:16:30:08 +0300] "/news/31003" 301 178 "-" "Mozilla/5.0 (Macintosh; Intel Mac OS X 10_10_5) AppleWebKit/601.1.56 (KHTML, like Gecko) Version/9.0 Safari/601.1.56"
252.126.209.32 - - [15/Aug/2023:16:30:11 +0300] "/news/21412" 301 178 "-" "Mozilla/5.0 (Macintosh; Intel Mac OS X 10_10_5) AppleWebKit/601.1.56 (KHTML, like Gecko) Version/9.0 Safari/601.1.56"
136.168.226.100 - - [15/Aug/2023:16:30:16 +0300] "/news/31042" 301 178 "-" "Mozilla/5.0 (Linux; Android 6.0.1; SM-J500M Build/MMB29M) AppleWebKit/537.36 (KHTML, like Gecko) Chrome/55.0.2883.91 Mobile Safari/537.36"
252.126.209.32 - - [15/Aug/2023:16:30:16 +0300] "/news/22501" 301 178 "-" "Mozilla/5.0 (Linux; Android 6.0.1; SM-J500M Build/MMB29M) AppleWebKit/537.36 (KHTML, like Gecko) Chrome/55.0.2883.91 Mobile Safari/537.36"
136.168.226.100 - - [15/Aug/2023:16:30:17 +0300] "/news/21010" 301 178 "-" "Mozilla/5.0 (iPad; CPU OS 9_3_4 like Mac OS X) AppleWebKit/600.1.4 (KHTML, like Gecko) GSA/17.1.129017588 Mobile/13G35 Safari/600.1.4"
136.168.226.100 - - [15/Aug/2023:16:30:17 +0300] "/news/24954" 301 178 "-" "Mozilla/5.0 (Linux; Android 7.0; Moto G (5) Build/NPPS25.137-93-14; wv) AppleWebKit/537.36 (KHTML, like Gecko) Version/4.0 Chrome/69.0.3497.100 Mobile Safari/537.36 [FB_IAB/FB4A;FBAV/193.0.0.45.101;]"
252.126.209.32 - - [15/Aug/2023:16:30:17 +0300] "/news/1623" 301 178 "-" "Mozilla/5.0 (Windows NT 6.1; rv:36.0) Gecko/20100101 Firefox/36.0"
189.201.23.225 - - [15/Aug/2023:16:30:18 +0300] "/news/28372" 301 178 "-" "Mozilla/5.0 (Linux; Android 7.0; Moto G (5) Build/NPPS25.137-93-14; wv) AppleWebKit/537.36 (KHTML, like Gecko) Version/4.0 Chrome/69.0.3497.100 Mobile Safari/537.36 [FB_IAB/FB4A;FBAV/193.0.0.45.101;]"
136.168.226.100 - - [15/Aug/2023:16:30:18 +0300] "/news/21879" 301 178 "-" "Mozilla/5.0 (Linux; Android 6.0.1; SM-J500M Build/MMB29M) AppleWebKit/537.36 (KHTML, like Gecko) Chrome/55.0.2883.91 Mobile Safari/537.36"
252.126.209.32 - - [15/Aug/2023:16:30:19 +0300] "/news/4192" 301 178 "-" "Mozilla/5.0 (X11; Linux x86_64) AppleWebKit/537.36 (KHTML, like Gecko) Chrome/31.0.1650.63 Safari/537.36"
136.168.226.100 - - [15/Aug/2023:16:30:19 +0300] "/news/20352" 301 178 "-" "Mozilla/5.0 (Windows NT 10.0; Win64; x64) AppleWebKit/537.36 (KHTML, like Gecko) Chrome/65.0.3325.162 Safari/537.36"
136.168.226.100 - - [15/Aug/2023:16:30:20 +0300] "/news/6947" 301 178 "-" "Mozilla/5.0 (X11; Linux x86_64) AppleWebKit/537.36 (KHTML, like Gecko) Chrome/31.0.1650.63 Safari/537.36"
252.126.209.32 - - [15/Aug/2023:16:30:20 +0300] "/news/12754" 301 178 "-" "Mozilla/5.0 (iPad; CPU OS 9_3_4 like Mac OS X) AppleWebKit/600.1.4 (KHTML, like Gecko) GSA/17.1.129017588 Mobile/13G35 Safari/600.1.4"
189.201.23.225 - - [15/Aug/2023:16:30:20 +0300] "/news/8758" 301 178 "-" "Mozilla/5.0 (iPad; U; CPU OS 3_2 like Mac OS X; en-us) AppleWebKit/531.21.10 (KHTML, like Gecko) Version/4.0.4 Mobile/7B334b Safari/531.21.10"
136.168.226.100 - - [15/Aug/2023:16:30:21 +0300] "/news/18656" 301 178 "-" "Mozilla/5.0 (Windows NT 10.0; Win64; x64) AppleWebKit/537.36 (KHTML, like Gecko) Chrome/65.0.3325.162 Safari/537.36"
252.126.209.32 - - [15/Aug/2023:16:30:21 +0300] "/news/15531" 301 178 "-" "Mozilla/4.0 (compatible; MSIE 6.0; Windows NT 5.1; .NET CLR 1.1.4322; InfoPath.1)"
136.168.226.100 - - [15/Aug/2023:16:30:22 +0300] "/news/29627" 301 178 "-" "Mozilla/5.0 (Macintosh; Intel Mac OS X 10_8_2) AppleWebKit/536.26.17 (KHTML, like Gecko) Version/6.0.2 Safari/536.26.17"
189.201.23.225 - - [15/Aug/2023:16:30:22 +0300] "/news/12434" 301 178 "-" "Mozilla/5.0 (Linux; Android 6.0.1; SM-J500M Build/MMB29M) AppleWebKit/537.36 (KHTML, like Gecko) Chrome/55.0.2883.91 Mobile Safari/537.36"
136.168.226.100 - - [15/Aug/2023:16:30:22 +0300] "/news/21181" 301 178 "-" "Mozilla/5.0 (X11; Linux x86_64) AppleWebKit/537.36 (KHTML, like Gecko) Chrome/31.0.1650.63 Safari/537.36"
252.126.209.32 - - [15/Aug/2023:16:30:23 +0300] "/news/4339" 301 178 "-" "Mozilla/4.0 (compatible; MSIE 5.01; Windows 98)"
136.168.226.100 - - [15/Aug/2023:16:30:23 +0300] "/news/8189" 301 178 "-" "Mozilla/5.0 (iPad; CPU OS 9_3_4 like Mac OS X) AppleWebKit/600.1.4 (KHTML, like Gecko) GSA/17.1.129017588 Mobile/13G35 Safari/600.1.4"
252.126.209.32 - - [15/Aug/2023:16:30:24 +0300] "/news/2458" 301 178 "-" "Mozilla/4.0 (compatible; MSIE 5.01; Windows 98)"
136.168.226.100 - - [15/Aug/2023:16:30:24 +0300] "/news/30973" 301 178 "-" "Mozilla/5.0 (iPhone; CPU iPhone OS 8_1_2 like Mac OS X) AppleWebKit/600.1.4 (KHTML, like Gecko) OPiOS/9.1.0.86723 Mobile/12B440 Safari/9537.53"
189.201.23.225 - - [15/Aug/2023:16:30:24 +0300] "/news/16903" 301 178 "-" "Mozilla/5.0 (Linux; Android 6.0.1; SM-J500M Build/MMB29M) AppleWebKit/537.36 (KHTML, like Gecko) Chrome/55.0.2883.91 Mobile Safari/537.36"
136.168.226.100 - - [15/Aug/2023:16:30:25 +0300] "/news/9635" 301 178 "-" "Mozilla/5.0 (X11; Linux x86_64) AppleWebKit/537.36 (KHTML, like Gecko) Chrome/31.0.1650.63 Safari/537.36"
252.126.209.32 - - [15/Aug/2023:16:30:25 +0300] "/news/32264" 301 178 "-" "Mozilla/5.0 (Linux; Android 6.0.1; SM-J500M Build/MMB29M) AppleWebKit/537.36 (KHTML, like Gecko) Chrome/55.0.2883.91 Mobile Safari/537.36"
136.168.226.100 - - [15/Aug/2023:16:30:26 +0300] "/news/21122" 301 178 "-" "Mozilla/5.0 (Macintosh; Intel Mac OS X 10_8_2) AppleWebKit/536.26.17 (KHTML, like Gecko) Version/6.0.2 Safari/536.26.17"
189.201.23.225 - - [15/Aug/2023:16:30:26 +0300] "/news/17469" 301 178 "-" "Mozilla/5.0 (Linux; Android 7.0; Moto G (5) Build/NPPS25.137-93-14; wv) AppleWebKit/537.36 (KHTML, like Gecko) Version/4.0 Chrome/69.0.3497.100 Mobile Safari/537.36 [FB_IAB/FB4A;FBAV/193.0.0.45.101;]"
136.168.226.100 - - [15/Aug/2023:16:30:27 +0300] "/news/9109" 301 178 "-" "Mozilla/5.0 (Linux; Android 6.0.1; SM-J500M Build/MMB29M) AppleWebKit/537.36 (KHTML, like Gecko) Chrome/55.0.2883.91 Mobile Safari/537.36"
252.126.209.32 - - [15/Aug/2023:16:30:28 +0300] "/news/9817" 301 178 "-" "Mozilla/5.0 (Windows NT 10.0; Win64; x64) AppleWebKit/537.36 (KHTML, like Gecko) Chrome/65.0.3325.162 Safari/537.36"
136.168.226.100 - - [15/Aug/2023:16:30:28 +0300] "/news/25424" 301 178 "-" "Mozilla/5.0 (Linux; Android 6.0.1; SM-J500M Build/MMB29M) AppleWebKit/537.36 (KHTML, like Gecko) Chrome/55.0.2883.91 Mobile Safari/537.36"
189.201.23.225 - - [15/Aug/2023:16:30:28 +0300] "/news/10806" 301 178 "-" "Mozilla/5.0 (Linux; Android 6.0.1; SM-J500M Build/MMB29M) AppleWebKit/537.36 (KHTML, like Gecko) Chrome/55.0.2883.91 Mobile Safari/537.36"
136.168.226.100 - - [15/Aug/2023:16:30:29 +0300] "/news/1370" 301 178 "-" "Mozilla/5.0 (Macintosh; Intel Mac OS X 10_8_2) AppleWebKit/536.26.17 (KHTML, like Gecko) Version/6.0.2 Safari/536.26.17"
252.126.209.32 - - [15/Aug/2023:16:30:29 +0300] "/news/19858" 301 178 "-" "Mozilla/5.0 (Windows NT 6.1; rv:36.0) Gecko/20100101 Firefox/36.0"
136.168.226.100 - - [15/Aug/2023:16:30:30 +0300] "/news/31359" 301 178 "-" "Mozilla/5.0 (Linux; Android 6.0.1; SM-J500M Build/MMB29M) AppleWebKit/537.36 (KHTML, like Gecko) Chrome/55.0.2883.91 Mobile Safari/537.36"
136.168.226.100 - - [15/Aug/2023:16:30:30 +0300] "/news/7855" 301 178 "-" "Mozilla/5.0 (Windows NT 6.1; rv:36.0) Gecko/20100101 Firefox/36.0"
189.201.23.225 - - [15/Aug/2023:16:30:31 +0300] "/news/14407" 301 178 "-" "Mozilla/5.0 (Linux; Android 7.0; Moto G (5) Build/NPPS25.137-93-14; wv) AppleWebKit/537.36 (KHTML, like Gecko) Version/4.0 Chrome/69.0.3497.100 Mobile Safari/537.36 [FB_IAB/FB4A;FBAV/193.0.0.45.101;]"
252.126.209.32 - - [15/Aug/2023:16:30:31 +0300] "/news/12271" 301 178 "-" "Mozilla/5.0 (iPhone; CPU iPhone OS 8_1_2 like Mac OS X) AppleWebKit/600.1.4 (KHTML, like Gecko) OPiOS/9.1.0.86723 Mobile/12B440 Safari/9537.53"
136.168.226.100 - - [15/Aug/2023:16:30:32 +0300] "/news/30917" 301 178 "-" "Mozilla/5.0 (iPad; CPU OS 9_3_4 like Mac OS X) AppleWebKit/600.1.4 (KHTML, like Gecko) GSA/17.1.129017588 Mobile/13G35 Safari/600.1.4"
252.126.209.32 - - [15/Aug/2023:16:30:32 +0300] "/news/13502" 301 178 "-" "Mozilla/4.0 (compatible; MSIE 6.0; Windows NT 5.1; .NET CLR 1.1.4322; InfoPath.1)"
136.168.226.100 - - [15/Aug/2023:16:30:32 +0300] "/news/4593" 301 178 "-" "Mozilla/5.0 (Macintosh; Intel Mac OS X 10_10_5) AppleWebKit/601.1.56 (KHTML, like Gecko) Version/9.0 Safari/601.1.56"
189.201.23.225 - - [15/Aug/2023:16:30:33 +0300] "/news/25560" 301 178 "-" "Mozilla/5.0 (Macintosh; Intel Mac OS X 10_10_5) AppleWebKit/601.1.56 (KHTML, like Gecko) Version/9.0 Safari/601.1.56"
136.168.226.100 - - [15/Aug/2023:16:30:33 +0300] "/news/19537" 301 178 "-" "Mozilla/5.0 (Windows NT 10.0; Win64; x64) AppleWebKit/537.36 (KHTML, like Gecko) Chrome/65.0.3325.162 Safari/537.36"
252.126.209.32 - - [15/Aug/2023:16:30:33 +0300] "/news/18853" 301 178 "-" "Mozilla/5.0 (Linux; Android 6.0.1; SM-J500M Build/MMB29M) AppleWebKit/537.36 (KHTML, like Gecko) Chrome/55.0.2883.91 Mobile Safari/537.36"
136.168.226.100 - - [15/Aug/2023:16:30:34 +0300] "/news/31796" 301 178 "-" "Mozilla/5.0 (iPad; CPU OS 9_3_4 like Mac OS X) AppleWebKit/600.1.4 (KHTML, like Gecko) GSA/17.1.129017588 Mobile/13G35 Safari/600.1.4"
252.126.209.32 - - [15/Aug/2023:16:30:34 +0300] "/news/19460" 301 178 "-" "Mozilla/5.0 (Linux; Android 6.0.1; SM-J500M Build/MMB29M) AppleWebKit/537.36 (KHTML, like Gecko) Chrome/55.0.2883.91 Mobile Safari/537.36"
136.168.226.100 - - [15/Aug/2023:16:30:35 +0300] "/news/11484" 301 178 "-" "Mozilla/5.0 (Linux; Android 6.0.1; SM-J500M Build/MMB29M) AppleWebKit/537.36 (KHTML, like Gecko) Chrome/55.0.2883.91 Mobile Safari/537.36"
136.168.226.100 - - [15/Aug/2023:16:30:35 +0300] "/news/16404" 301 178 "-" "Mozilla/5.0 (Macintosh; Intel Mac OS X 10_10_5) AppleWebKit/601.1.56 (KHTML, like Gecko) Version/9.0 Safari/601.1.56"
189.201.23.225 - - [15/Aug/2023:16:30:35 +0300] "/news/9300" 301 178 "-" "Mozilla/5.0 (iPad; U; CPU OS 3_2 like Mac OS X; en-us) AppleWebKit/531.21.10 (KHTML, like Gecko) Version/4.0.4 Mobile/7B334b Safari/531.21.10"
252.126.209.32 - - [15/Aug/2023:16:30:35 +0300] "/news/9857" 301 178 "-" "Mozilla/5.0 (Linux; Android 6.0.1; SM-J500M Build/MMB29M) AppleWebKit/537.36 (KHTML, like Gecko) Chrome/55.0.2883.91 Mobile Safari/537.36"
136.168.226.100 - - [15/Aug/2023:16:30:36 +0300] "/news/18389" 301 178 "-" "Mozilla/5.0 (Macintosh; Intel Mac OS X 10_8_2) AppleWebKit/536.26.17 (KHTML, like Gecko) Version/6.0.2 Safari/536.26.17"
252.126.209.32 - - [15/Aug/2023:16:30:36 +0300] "/news/28208" 301 178 "-" "Mozilla/5.0 (Windows NT 10.0; Win64; x64) AppleWebKit/537.36 (KHTML, like Gecko) Chrome/65.0.3325.162 Safari/537.36"
136.168.226.100 - - [15/Aug/2023:16:30:37 +0300] "/news/9718" 301 178 "-" "Mozilla/5.0 (Macintosh; Intel Mac OS X 10_10_5) AppleWebKit/601.1.56 (KHTML, like Gecko) Version/9.0 Safari/601.1.56"
189.201.23.225 - - [15/Aug/2023:16:30:37 +0300] "/news/22277" 301 178 "-" "Mozilla/5.0 (Linux; Android 6.0.1; SM-J500M Build/MMB29M) AppleWebKit/537.36 (KHTML, like Gecko) Chrome/55.0.2883.91 Mobile Safari/537.36"
136.168.226.100 - - [15/Aug/2023:16:30:37 +0300] "/news/5191" 301 178 "-" "Mozilla/5.0 (Linux; Android 6.0.1; SM-J500M Build/MMB29M) AppleWebKit/537.36 (KHTML, like Gecko) Chrome/55.0.2883.91 Mobile Safari/537.36"
252.126.209.32 - - [15/Aug/2023:16:30:38 +0300] "/news/11642" 301 178 "-" "Mozilla/5.0 (X11; Linux x86_64) AppleWebKit/537.36 (KHTML, like Gecko) Chrome/31.0.1650.63 Safari/537.36"
136.168.226.100 - - [15/Aug/2023:16:30:38 +0300] "/news/8804" 301 178 "-" "Mozilla/5.0 (Macintosh; Intel Mac OS X 10_10_5) AppleWebKit/601.1.56 (KHTML, like Gecko) Version/9.0 Safari/601.1.56"
252.126.209.32 - - [15/Aug/2023:16:30:39 +0300] "/news/19919" 301 178 "-" "Mozilla/5.0 (iPad; U; CPU OS 3_2 like Mac OS X; en-us) AppleWebKit/531.21.10 (KHTML, like Gecko) Version/4.0.4 Mobile/7B334b Safari/531.21.10"
136.168.226.100 - - [15/Aug/2023:16:30:39 +0300] "/news/28894" 301 178 "-" "Mozilla/5.0 (Macintosh; Intel Mac OS X 10_8_2) AppleWebKit/536.26.17 (KHTML, like Gecko) Version/6.0.2 Safari/536.26.17"
189.201.23.225 - - [15/Aug/2023:16:30:39 +0300] "/news/4555" 301 178 "-" "Mozilla/5.0 (Linux; Android 6.0.1; SM-J500M Build/MMB29M) AppleWebKit/537.36 (KHTML, like Gecko) Chrome/55.0.2883.91 Mobile Safari/537.36"
136.168.226.100 - - [15/Aug/2023:16:30:39 +0300] "/news/13662" 301 178 "-" "Mozilla/5.0 (X11; Linux x86_64) AppleWebKit/537.36 (KHTML, like Gecko) Chrome/31.0.1650.63 Safari/537.36"
252.126.209.32 - - [15/Aug/2023:16:30:40 +0300] "/news/30534" 301 178 "-" "Mozilla/5.0 (Windows NT 10.0; Win64; x64) AppleWebKit/537.36 (KHTML, like Gecko) Chrome/65.0.3325.162 Safari/537.36"
136.168.226.100 - - [15/Aug/2023:16:30:41 +0300] "/news/917" 301 178 "-" "Mozilla/5.0 (iPhone; CPU iPhone OS 8_1_2 like Mac OS X) AppleWebKit/600.1.4 (KHTML, like Gecko) OPiOS/9.1.0.86723 Mobile/12B440 Safari/9537.53"
252.126.209.32 - - [15/Aug/2023:16:30:41 +0300] "/news/28406" 301 178 "-" "Mozilla/4.0 (compatible; MSIE 5.01; Windows 98)"
136.168.226.100 - - [15/Aug/2023:16:30:42 +0300] "/news/29807" 301 178 "-" "Mozilla/5.0 (Linux; Android 6.0.1; SM-J500M Build/MMB29M) AppleWebKit/537.36 (KHTML, like Gecko) Chrome/55.0.2883.91 Mobile Safari/537.36"
136.168.226.100 - - [15/Aug/2023:16:30:42 +0300] "/news/29630" 301 178 "-" "Mozilla/5.0 (Windows NT 6.1; rv:36.0) Gecko/20100101 Firefox/36.0"
252.126.209.32 - - [15/Aug/2023:16:30:42 +0300] "/news/31980" 301 178 "-" "Mozilla/5.0 (Linux; Android 6.0.1; SM-J500M Build/MMB29M) AppleWebKit/537.36 (KHTML, like Gecko) Chrome/55.0.2883.91 Mobile Safari/537.36"
189.201.23.225 - - [15/Aug/2023:16:30:42 +0300] "/news/28943" 301 178 "-" "Mozilla/5.0 (Linux; Android 6.0.1; SM-J500M Build/MMB29M) AppleWebKit/537.36 (KHTML, like Gecko) Chrome/55.0.2883.91 Mobile Safari/537.36"
136.168.226.100 - - [15/Aug/2023:16:30:43 +0300] "/news/30550" 301 178 "-" "Mozilla/5.0 (Macintosh; Intel Mac OS X 10_8_2) AppleWebKit/536.26.17 (KHTML, like Gecko) Version/6.0.2 Safari/536.26.17"
252.126.209.32 - - [15/Aug/2023:16:30:43 +0300] "/news/25666" 301 178 "-" "Mozilla/5.0 (Linux; Android 6.0.1; SM-J500M Build/MMB29M) AppleWebKit/537.36 (KHTML, like Gecko) Chrome/55.0.2883.91 Mobile Safari/537.36"
136.168.226.100 - - [15/Aug/2023:16:30:44 +0300] "/news/1931" 301 178 "-" "Mozilla/5.0 (iPad; CPU OS 9_3_4 like Mac OS X) AppleWebKit/600.1.4 (KHTML, like Gecko) GSA/17.1.129017588 Mobile/13G35 Safari/600.1.4"
252.126.209.32 - - [15/Aug/2023:16:30:44 +0300] "/news/12549" 301 178 "-" "Mozilla/5.0 (iPad; U; CPU OS 3_2 like Mac OS X; en-us) AppleWebKit/531.21.10 (KHTML, like Gecko) Version/4.0.4 Mobile/7B334b Safari/531.21.10"
136.168.226.100 - - [15/Aug/2023:16:30:45 +0300] "/news/25238" 301 178 "-" "Mozilla/5.0 (Windows NT 6.1; rv:36.0) Gecko/20100101 Firefox/36.0"
189.201.23.225 - - [15/Aug/2023:16:30:45 +0300] "/news/30047" 301 178 "-" "Mozilla/5.0 (Linux; Android 6.0.1; SM-J500M Build/MMB29M) AppleWebKit/537.36 (KHTML, like Gecko) Chrome/55.0.2883.91 Mobile Safari/537.36"
136.168.226.100 - - [15/Aug/2023:16:30:45 +0300] "/news/5618" 301 178 "-" "Mozilla/5.0 (Macintosh; Intel Mac OS X 10_10_5) AppleWebKit/601.1.56 (KHTML, like Gecko) Version/9.0 Safari/601.1.56"
252.126.209.32 - - [15/Aug/2023:16:30:45 +0300] "/news/23527" 301 178 "-" "Mozilla/5.0 (Windows NT 6.1; rv:36.0) Gecko/20100101 Firefox/36.0"
136.168.226.100 - - [15/Aug/2023:16:30:46 +0300] "/news/3461" 301 178 "-" "Mozilla/4.0 (compatible; MSIE 5.01; Windows 98)"
252.126.209.32 - - [15/Aug/2023:16:30:47 +0300] "/news/26921" 301 178 "-" "Mozilla/5.0 (Linux; Android 6.0.1; SM-J500M Build/MMB29M) AppleWebKit/537.36 (KHTML, like Gecko) Chrome/55.0.2883.91 Mobile Safari/537.36"
136.168.226.100 - - [15/Aug/2023:16:30:47 +0300] "/news/13664" 301 178 "-" "Mozilla/5.0 (iPad; U; CPU OS 3_2 like Mac OS X; en-us) AppleWebKit/531.21.10 (KHTML, like Gecko) Version/4.0.4 Mobile/7B334b Safari/531.21.10"
189.201.23.225 - - [15/Aug/2023:16:30:47 +0300] "/news/11647" 301 178 "-" "Mozilla/5.0 (Linux; Android 6.0.1; SM-J500M Build/MMB29M) AppleWebKit/537.36 (KHTML, like Gecko) Chrome/55.0.2883.91 Mobile Safari/537.36"
136.168.226.100 - - [15/Aug/2023:16:30:47 +0300] "/news/7197" 301 178 "-" "Mozilla/5.0 (X11; Linux x86_64) AppleWebKit/537.36 (KHTML, like Gecko) Chrome/31.0.1650.63 Safari/537.36"
252.126.209.32 - - [15/Aug/2023:16:30:48 +0300] "/news/16671" 301 178 "-" "Mozilla/4.0 (compatible; MSIE 5.01; Windows 98)"
136.168.226.100 - - [15/Aug/2023:16:30:49 +0300] "/news/15938" 301 178 "-" "Mozilla/5.0 (iPhone; CPU iPhone OS 8_1_2 like Mac OS X) AppleWebKit/600.1.4 (KHTML, like Gecko) OPiOS/9.1.0.86723 Mobile/12B440 Safari/9537.53"
252.126.209.32 - - [15/Aug/2023:16:30:49 +0300] "/news/11716" 301 178 "-" "Mozilla/5.0 (iPad; CPU OS 9_3_4 like Mac OS X) AppleWebKit/600.1.4 (KHTML, like Gecko) GSA/17.1.129017588 Mobile/13G35 Safari/600.1.4"
136.168.226.100 - - [15/Aug/2023:16:30:50 +0300] "/news/20158" 301 178 "-" "Mozilla/5.0 (Macintosh; Intel Mac OS X 10_8_2) AppleWebKit/536.26.17 (KHTML, like Gecko) Version/6.0.2 Safari/536.26.17"
189.201.23.225 - - [15/Aug/2023:16:30:50 +0300] "/news/19697" 301 178 "-" "Mozilla/5.0 (X11; Linux x86_64) AppleWebKit/537.36 (KHTML, like Gecko) Chrome/31.0.1650.63 Safari/537.36"
136.168.226.100 - - [15/Aug/2023:16:30:50 +0300] "/news/28379" 301 178 "-" "Mozilla/5.0 (X11; Linux x86_64) AppleWebKit/537.36 (KHTML, like Gecko) Chrome/31.0.1650.63 Safari/537.36"
252.126.209.32 - - [15/Aug/2023:16:30:51 +0300] "/news/23651" 301 178 "-" "Mozilla/5.0 (Linux; Android 6.0.1; SM-J500M Build/MMB29M) AppleWebKit/537.36 (KHTML, like Gecko) Chrome/55.0.2883.91 Mobile Safari/537.36"
136.168.226.100 - - [15/Aug/2023:16:30:51 +0300] "/news/20432" 301 178 "-" "Mozilla/5.0 (Windows NT 10.0; Win64; x64) AppleWebKit/537.36 (KHTML, like Gecko) Chrome/65.0.3325.162 Safari/537.36"
189.201.23.225 - - [15/Aug/2023:16:30:52 +0300] "/news/18857" 301 178 "-" "Mozilla/5.0 (Linux; Android 6.0.1; SM-J500M Build/MMB29M) AppleWebKit/537.36 (KHTML, like Gecko) Chrome/55.0.2883.91 Mobile Safari/537.36"
136.168.226.100 - - [15/Aug/2023:16:30:52 +0300] "/news/1184" 301 178 "-" "Mozilla/5.0 (Linux; Android 6.0.1; SM-J500M Build/MMB29M) AppleWebKit/537.36 (KHTML, like Gecko) Chrome/55.0.2883.91 Mobile Safari/537.36"
252.126.209.32 - - [15/Aug/2023:16:30:52 +0300] "/news/10277" 301 178 "-" "Mozilla/5.0 (Linux; Android 6.0.1; SM-J500M Build/MMB29M) AppleWebKit/537.36 (KHTML, like Gecko) Chrome/55.0.2883.91 Mobile Safari/537.36"
136.168.226.100 - - [15/Aug/2023:16:30:53 +0300] "/news/30901" 301 178 "-" "Mozilla/5.0 (Macintosh; Intel Mac OS X 10_10_5) AppleWebKit/601.1.56 (KHTML, like Gecko) Version/9.0 Safari/601.1.56"
189.201.23.225 - - [15/Aug/2023:16:30:53 +0300] "/news/26244" 301 178 "-" "Mozilla/5.0 (Windows NT 10.0; Win64; x64) AppleWebKit/537.36 (KHTML, like Gecko) Chrome/65.0.3325.162 Safari/537.36"
136.168.226.100 - - [15/Aug/2023:16:30:54 +0300] "/news/22210" 301 178 "-" "Mozilla/5.0 (iPhone; CPU iPhone OS 8_1_2 like Mac OS X) AppleWebKit/600.1.4 (KHTML, like Gecko) OPiOS/9.1.0.86723 Mobile/12B440 Safari/9537.53"
252.126.209.32 - - [15/Aug/2023:16:30:54 +0300] "/news/20395" 301 178 "-" "Mozilla/4.0 (compatible; MSIE 6.0; Windows NT 5.1; .NET CLR 1.1.4322; InfoPath.1)"
136.168.226.100 - - [15/Aug/2023:16:30:54 +0300] "/news/22905" 301 178 "-" "Mozilla/5.0 (Linux; Android 6.0.1; SM-J500M Build/MMB29M) AppleWebKit/537.36 (KHTML, like Gecko) Chrome/55.0.2883.91 Mobile Safari/537.36"
189.201.23.225 - - [15/Aug/2023:16:30:54 +0300] "/news/30390" 301 178 "-" "Mozilla/5.0 (Linux; Android 6.0.1; SM-J500M Build/MMB29M) AppleWebKit/537.36 (KHTML, like Gecko) Chrome/55.0.2883.91 Mobile Safari/537.36"
136.168.226.100 - - [15/Aug/2023:16:30:55 +0300] "/news/20461" 301 178 "-" "Mozilla/5.0 (Macintosh; Intel Mac OS X 10_10_5) AppleWebKit/601.1.56 (KHTML, like Gecko) Version/9.0 Safari/601.1.56"
252.126.209.32 - - [15/Aug/2023:16:30:55 +0300] "/news/3339" 301 178 "-" "Mozilla/5.0 (Windows NT 6.1; rv:36.0) Gecko/20100101 Firefox/36.0"
136.168.226.100 - - [15/Aug/2023:16:30:56 +0300] "/news/16785" 301 178 "-" "Mozilla/5.0 (Linux; Android 6.0.1; SM-J500M Build/MMB29M) AppleWebKit/537.36 (KHTML, like Gecko) Chrome/55.0.2883.91 Mobile Safari/537.36"
189.201.23.225 - - [15/Aug/2023:16:30:56 +0300] "/news/18315" 301 178 "-" "Mozilla/5.0 (X11; Linux x86_64) AppleWebKit/537.36 (KHTML, like Gecko) Chrome/31.0.1650.63 Safari/537.36"
136.168.226.100 - - [15/Aug/2023:16:30:57 +0300] "/news/20924" 301 178 "-" "Mozilla/4.0 (compatible; MSIE 6.0; Windows NT 5.1; .NET CLR 1.1.4322; InfoPath.1)"
189.201.23.225 - - [15/Aug/2023:16:30:57 +0300] "/news/11157" 301 178 "-" "Mozilla/5.0 (iPad; U; CPU OS 3_2 like Mac OS X; en-us) AppleWebKit/531.21.10 (KHTML, like Gecko) Version/4.0.4 Mobile/7B334b Safari/531.21.10"
136.168.226.100 - - [15/Aug/2023:16:30:57 +0300] "/news/9938" 301 178 "-" "Mozilla/5.0 (X11; Linux x86_64) AppleWebKit/537.36 (KHTML, like Gecko) Chrome/31.0.1650.63 Safari/537.36"
252.126.209.32 - - [15/Aug/2023:16:30:58 +0300] "/news/2889" 301 178 "-" "Mozilla/4.0 (compatible; MSIE 5.01; Windows 98)"
252.126.209.174 - - [15/Aug/2023:16:30:58 +0300] "/news/13603" 301 178 "-" "Mozilla/5.0 (Linux; Android 6.0.1; SM-J500M Build/MMB29M) AppleWebKit/537.36 (KHTML, like Gecko) Chrome/55.0.2883.91 Mobile Safari/537.36"
136.168.226.100 - - [15/Aug/2023:16:30:58 +0300] "/news/31135" 301 178 "-" "Mozilla/5.0 (Windows NT 6.1; rv:36.0) Gecko/20100101 Firefox/36.0"
189.201.23.225 - - [15/Aug/2023:16:30:59 +0300] "/news/448" 301 178 "-" "Mozilla/4.0 (compatible; MSIE 5.01; Windows 98)"
136.168.226.100 - - [15/Aug/2023:16:30:59 +0300] "/news/1063" 301 178 "-" "Mozilla/4.0 (compatible; MSIE 6.0; Windows NT 5.1; .NET CLR 1.1.4322; InfoPath.1)"
252.126.209.32 - - [15/Aug/2023:16:30:59 +0300] "/news/4502" 301 178 "-" "Mozilla/5.0 (X11; Linux x86_64) AppleWebKit/537.36 (KHTML, like Gecko) Chrome/31.0.1650.63 Safari/537.36"
136.168.226.100 - - [15/Aug/2023:16:31:00 +0300] "/news/19628" 301 178 "-" "Mozilla/5.0 (iPad; CPU OS 9_3_4 like Mac OS X) AppleWebKit/600.1.4 (KHTML, like Gecko) GSA/17.1.129017588 Mobile/13G35 Safari/600.1.4"
136.168.226.100 - - [15/Aug/2023:16:31:00 +0300] "/news/6850" 301 178 "-" "Mozilla/5.0 (iPad; CPU OS 9_3_4 like Mac OS X) AppleWebKit/600.1.4 (KHTML, like Gecko) GSA/17.1.129017588 Mobile/13G35 Safari/600.1.4"
252.126.209.32 - - [15/Aug/2023:16:31:00 +0300] "/news/6442" 301 178 "-" "Mozilla/5.0 (Linux; Android 6.0.1; SM-J500M Build/MMB29M) AppleWebKit/537.36 (KHTML, like Gecko) Chrome/55.0.2883.91 Mobile Safari/537.36"
189.201.23.225 - - [15/Aug/2023:16:31:00 +0300] "/news/24046" 301 178 "-" "Mozilla/5.0 (Windows NT 6.1; rv:36.0) Gecko/20100101 Firefox/36.0"
136.168.226.100 - - [15/Aug/2023:16:31:01 +0300] "/news/9221" 301 178 "-" "Mozilla/5.0 (Linux; Android 6.0.1; SM-J500M Build/MMB29M) AppleWebKit/537.36 (KHTML, like Gecko) Chrome/55.0.2883.91 Mobile Safari/537.36"
252.126.209.32 - - [15/Aug/2023:16:31:01 +0300] "/news/18898" 301 178 "-" "Mozilla/5.0 (Windows NT 10.0; Win64; x64) AppleWebKit/537.36 (KHTML, like Gecko) Chrome/65.0.3325.162 Safari/537.36"
136.168.226.100 - - [15/Aug/2023:16:31:01 +0300] "/news/16849" 301 178 "-" "Mozilla/5.0 (Macintosh; Intel Mac OS X 10_8_2) AppleWebKit/536.26.17 (KHTML, like Gecko) Version/6.0.2 Safari/536.26.17"
136.168.226.100 - - [15/Aug/2023:16:31:01 +0300] "/news/17696" 301 178 "-" "Mozilla/5.0 (X11; Linux x86_64) AppleWebKit/537.36 (KHTML, like Gecko) Chrome/31.0.1650.63 Safari/537.36"
189.201.23.225 - - [15/Aug/2023:16:31:02 +0300] "/news/19395" 301 178 "-" "Mozilla/5.0 (Windows NT 6.1; rv:36.0) Gecko/20100101 Firefox/36.0"
252.126.209.174 - - [15/Aug/2023:16:31:02 +0300] "/news/21230" 301 178 "-" "Mozilla/4.0 (compatible; MSIE 5.01; Windows 98)"
136.168.226.100 - - [15/Aug/2023:16:31:02 +0300] "/news/15768" 301 178 "-" "Mozilla/5.0 (Linux; Android 6.0.1; SM-J500M Build/MMB29M) AppleWebKit/537.36 (KHTML, like Gecko) Chrome/55.0.2883.91 Mobile Safari/537.36"
252.126.209.32 - - [15/Aug/2023:16:31:02 +0300] "/news/12825" 301 178 "-" "Mozilla/5.0 (Windows NT 10.0; Win64; x64) AppleWebKit/537.36 (KHTML, like Gecko) Chrome/65.0.3325.162 Safari/537.36"
136.168.226.100 - - [15/Aug/2023:16:31:03 +0300] "/news/14377" 301 178 "-" "Mozilla/4.0 (compatible; MSIE 6.0; Windows NT 5.1; .NET CLR 1.1.4322; InfoPath.1)"
252.126.209.174 - - [15/Aug/2023:16:31:03 +0300] "/news/22797" 301 178 "-" "Mozilla/5.0 (Windows NT 6.1; rv:36.0) Gecko/20100101 Firefox/36.0"
136.168.226.100 - - [15/Aug/2023:16:31:03 +0300] "/news/22026" 301 178 "-" "Mozilla/5.0 (iPad; CPU OS 9_3_4 like Mac OS X) AppleWebKit/600.1.4 (KHTML, like Gecko) GSA/17.1.129017588 Mobile/13G35 Safari/600.1.4"
136.168.226.100 - - [15/Aug/2023:16:31:03 +0300] "/news/11299" 301 178 "-" "Mozilla/5.0 (X11; Linux x86_64) AppleWebKit/537.36 (KHTML, like Gecko) Chrome/31.0.1650.63 Safari/537.36"
252.126.209.32 - - [15/Aug/2023:16:31:03 +0300] "/news/12099" 301 178 "-" "Mozilla/5.0 (Macintosh; Intel Mac OS X 10_10_5) AppleWebKit/601.1.56 (KHTML, like Gecko) Version/9.0 Safari/601.1.56"
189.201.23.225 - - [15/Aug/2023:16:31:03 +0300] "/news/21400" 301 178 "-" "Mozilla/5.0 (iPhone; CPU iPhone OS 8_1_2 like Mac OS X) AppleWebKit/600.1.4 (KHTML, like Gecko) OPiOS/9.1.0.86723 Mobile/12B440 Safari/9537.53"
136.168.226.100 - - [15/Aug/2023:16:31:04 +0300] "/news/31535" 301 178 "-" "Mozilla/5.0 (Macintosh; Intel Mac OS X 10_8_2) AppleWebKit/536.26.17 (KHTML, like Gecko) Version/6.0.2 Safari/536.26.17"
252.126.209.174 - - [15/Aug/2023:16:31:04 +0300] "/news/2918" 301 178 "-" "Mozilla/5.0 (Linux; Android 6.0.1; SM-J500M Build/MMB29M) AppleWebKit/537.36 (KHTML, like Gecko) Chrome/55.0.2883.91 Mobile Safari/537.36"
136.168.226.100 - - [15/Aug/2023:16:31:04 +0300] "/news/14980" 301 178 "-" "Mozilla/5.0 (Macintosh; Intel Mac OS X 10_10_5) AppleWebKit/601.1.56 (KHTML, like Gecko) Version/9.0 Safari/601.1.56"
252.126.209.32 - - [15/Aug/2023:16:31:04 +0300] "/news/1863" 301 178 "-" "Mozilla/5.0 (iPhone; CPU iPhone OS 8_1_2 like Mac OS X) AppleWebKit/600.1.4 (KHTML, like Gecko) OPiOS/9.1.0.86723 Mobile/12B440 Safari/9537.53"
136.168.226.100 - - [15/Aug/2023:16:31:05 +0300] "/news/23294" 301 178 "-" "Mozilla/5.0 (Windows NT 6.1; rv:36.0) Gecko/20100101 Firefox/36.0"
136.168.226.100 - - [15/Aug/2023:16:31:05 +0300] "/news/26628" 301 178 "-" "Mozilla/5.0 (iPad; U; CPU OS 3_2 like Mac OS X; en-us) AppleWebKit/531.21.10 (KHTML, like Gecko) Version/4.0.4 Mobile/7B334b Safari/531.21.10"
189.201.23.225 - - [15/Aug/2023:16:31:05 +0300] "/news/15277" 301 178 "-" "Mozilla/5.0 (X11; Linux x86_64) AppleWebKit/537.36 (KHTML, like Gecko) Chrome/31.0.1650.63 Safari/537.36"
252.126.209.174 - - [15/Aug/2023:16:31:05 +0300] "/news/15837" 301 178 "-" "Mozilla/5.0 (Windows NT 10.0; Win64; x64) AppleWebKit/537.36 (KHTML, like Gecko) Chrome/65.0.3325.162 Safari/537.36"
136.168.226.100 - - [15/Aug/2023:16:31:05 +0300] "/news/11466" 301 178 "-" "Mozilla/5.0 (X11; Linux x86_64) AppleWebKit/537.36 (KHTML, like Gecko) Chrome/31.0.1650.63 Safari/537.36"
252.126.209.32 - - [15/Aug/2023:16:31:05 +0300] "/news/25572" 301 178 "-" "Mozilla/5.0 (Linux; Android 6.0.1; SM-J500M Build/MMB29M) AppleWebKit/537.36 (KHTML, like Gecko) Chrome/55.0.2883.91 Mobile Safari/537.36"
136.168.226.100 - - [15/Aug/2023:16:31:06 +0300] "/news/27423" 301 178 "-" "Mozilla/5.0 (Windows NT 6.1; rv:36.0) Gecko/20100101 Firefox/36.0"
252.126.209.174 - - [15/Aug/2023:16:31:06 +0300] "/news/22688" 301 178 "-" "Mozilla/5.0 (Linux; Android 6.0.1; SM-J500M Build/MMB29M) AppleWebKit/537.36 (KHTML, like Gecko) Chrome/55.0.2883.91 Mobile Safari/537.36"
136.168.226.100 - - [15/Aug/2023:16:31:06 +0300] "/news/17786" 301 178 "-" "Mozilla/5.0 (Windows NT 10.0; Win64; x64) AppleWebKit/537.36 (KHTML, like Gecko) Chrome/65.0.3325.162 Safari/537.36"
136.168.226.100 - - [15/Aug/2023:16:31:06 +0300] "/news/2613" 301 178 "-" "Mozilla/5.0 (Linux; Android 7.0; Moto G (5) Build/NPPS25.137-93-14; wv) AppleWebKit/537.36 (KHTML, like Gecko) Version/4.0 Chrome/69.0.3497.100 Mobile Safari/537.36 [FB_IAB/FB4A;FBAV/193.0.0.45.101;]"
252.126.209.32 - - [15/Aug/2023:16:31:07 +0300] "/news/29573" 301 178 "-" "Mozilla/5.0 (X11; Linux x86_64) AppleWebKit/537.36 (KHTML, like Gecko) Chrome/31.0.1650.63 Safari/537.36"
189.201.23.225 - - [15/Aug/2023:16:31:07 +0300] "/news/22056" 301 178 "-" "Mozilla/5.0 (iPhone; CPU iPhone OS 8_1_2 like Mac OS X) AppleWebKit/600.1.4 (KHTML, like Gecko) OPiOS/9.1.0.86723 Mobile/12B440 Safari/9537.53"
136.168.226.100 - - [15/Aug/2023:16:31:07 +0300] "/news/10094" 301 178 "-" "Mozilla/5.0 (Macintosh; Intel Mac OS X 10_8_2) AppleWebKit/536.26.17 (KHTML, like Gecko) Version/6.0.2 Safari/536.26.17"
252.126.209.174 - - [15/Aug/2023:16:31:07 +0300] "/news/2630" 301 178 "-" "Mozilla/5.0 (Macintosh; Intel Mac OS X 10_8_2) AppleWebKit/536.26.17 (KHTML, like Gecko) Version/6.0.2 Safari/536.26.17"
136.168.226.100 - - [15/Aug/2023:16:31:07 +0300] "/news/19877" 301 178 "-" "Mozilla/5.0 (Linux; Android 7.0; Moto G (5) Build/NPPS25.137-93-14; wv) AppleWebKit/537.36 (KHTML, like Gecko) Version/4.0 Chrome/69.0.3497.100 Mobile Safari/537.36 [FB_IAB/FB4A;FBAV/193.0.0.45.101;]"
136.168.226.100 - - [15/Aug/2023:16:31:08 +0300] "/news/4256" 301 178 "-" "Mozilla/5.0 (Linux; Android 7.0; Moto G (5) Build/NPPS25.137-93-14; wv) AppleWebKit/537.36 (KHTML, like Gecko) Version/4.0 Chrome/69.0.3497.100 Mobile Safari/537.36 [FB_IAB/FB4A;FBAV/193.0.0.45.101;]"
252.126.209.32 - - [15/Aug/2023:16:31:08 +0300] "/news/8948" 301 178 "-" "Mozilla/5.0 (Windows NT 10.0; Win64; x64) AppleWebKit/537.36 (KHTML, like Gecko) Chrome/65.0.3325.162 Safari/537.36"
136.168.226.100 - - [15/Aug/2023:16:31:08 +0300] "/news/30638" 301 178 "-" "Mozilla/5.0 (Macintosh; Intel Mac OS X 10_8_2) AppleWebKit/536.26.17 (KHTML, like Gecko) Version/6.0.2 Safari/536.26.17"
189.201.23.225 - - [15/Aug/2023:16:31:08 +0300] "/news/30387" 301 178 "-" "Mozilla/5.0 (iPad; CPU OS 9_3_4 like Mac OS X) AppleWebKit/600.1.4 (KHTML, like Gecko) GSA/17.1.129017588 Mobile/13G35 Safari/600.1.4"
252.126.209.174 - - [15/Aug/2023:16:31:08 +0300] "/news/16075" 301 178 "-" "Mozilla/5.0 (Linux; Android 6.0.1; SM-J500M Build/MMB29M) AppleWebKit/537.36 (KHTML, like Gecko) Chrome/55.0.2883.91 Mobile Safari/537.36"
136.168.226.100 - - [15/Aug/2023:16:31:09 +0300] "/news/18160" 301 178 "-" "Mozilla/5.0 (Windows NT 6.1; rv:36.0) Gecko/20100101 Firefox/36.0"
252.126.209.32 - - [15/Aug/2023:16:31:09 +0300] "/news/1521" 301 178 "-" "Mozilla/4.0 (compatible; MSIE 5.01; Windows 98)"
136.168.226.100 - - [15/Aug/2023:16:31:10 +0300] "/news/5166" 301 178 "-" "Mozilla/5.0 (Windows NT 10.0; Win64; x64) AppleWebKit/537.36 (KHTML, like Gecko) Chrome/65.0.3325.162 Safari/537.36"
136.168.226.100 - - [15/Aug/2023:16:31:10 +0300] "/news/13386" 301 178 "-" "Mozilla/5.0 (Macintosh; Intel Mac OS X 10_8_2) AppleWebKit/536.26.17 (KHTML, like Gecko) Version/6.0.2 Safari/536.26.17"
